
==============================================
       MEDICAL SENSOR CONTROLLER
              WIFI VERSION
==============================================

Project directory:
C:\Users\shrih\OneDrive\Documents\PHOTONX_INNOHACK\medical_sensor_backend

ESP32 Wi-Fi address:
10.34.20.179

==============================================
 CURRENT PATIENT
==============================================

CURRENT PATIENT ID: 3

This measurement belongs to Patient: 3

Old file deleted: C:\Users\shrih\OneDrive\Documents\PHOTONX_INNOHACK\medical_sensor_backend\data\vitals_result.json
Old file deleted: C:\Users\shrih\OneDrive\Documents\PHOTONX_INNOHACK\medical_sensor_backend\data\temperature.json
Old file deleted: C:\Users\shrih\OneDrive\Documents\PHOTONX_INNOHACK\medical_sensor_backend\data\raw\ppg_recording.csv

==============================================
 CONNECTING TO ESP32 OVER WI-FI
==============================================

ESP32 IP: 10.34.20.179

ESP32 Wi-Fi connection successful.

ESP32 status:
{
    "wifi": "connected",
    "ip": "10.34.20.179",
    "measurement": "idle",
    "samples": 0,
    "temperature": null,
    "temperature_sensor": "detected"
}

ESP32 reset:
{
    "status": "reset"
}

==============================================
 STARTING SENSOR MEASUREMENT
==============================================

CURRENT PATIENT: 3

Place your finger on MAX30102.
Keep your finger still.

Starting PPG + temperature collection...

ESP32 start response:
{
    "status": "measurement_started"
}

==============================================
 COLLECTING SENSOR DATA
==============================================

Measurement duration: 10 seconds

ESP32: running | samples: 47 | temperature: None
ESP32: running | samples: 113 | temperature: None
ESP32: running | samples: 147 | temperature: None
ESP32: running | samples: 181 | temperature: None
ESP32: running | samples: 213 | temperature: None
ESP32: running | samples: 257 | temperature: None
ESP32: running | samples: 297 | temperature: None
ESP32: running | samples: 359 | temperature: None
ESP32: complete | samples: 401 | temperature: 31.12

==============================================
 ESP32 REPORTED MEASUREMENT COMPLETE
==============================================

==============================================
 DOWNLOADING SENSOR DATA
==============================================


==============================================
 SENSOR COLLECTION COMPLETE
==============================================

Patient ID: 3
Collected PPG samples: 401
Temperature received: 31.12
Measurement complete: True

PPG recording saved:
C:\Users\shrih\OneDrive\Documents\PHOTONX_INNOHACK\medical_sensor_backend\data\raw\ppg_recording.csv

==============================================
 SAVING TEMPERATURE
==============================================

Temperature saved:
31.12 °C

==============================================
 RUNNING VITAL ANALYSIS
==============================================

Patient ID: 3
PPG samples: 401
Temperature: 31.12 °C


==============================================
       VITAL SIGN ANALYSIS
==============================================

No patient ID argument received.
Reading patient_session.json...

==============================================
 CURRENT PATIENT
==============================================

CURRENT PATIENT ID: 3

==============================================
 READING TEMPERATURE
==============================================

Temperature file:
C:\Users\shrih\OneDrive\Documents\PHOTONX_INNOHACK\medical_sensor_backend\data\temperature.json

Temperature JSON received:
{
    "patient_id": 3,
    "temperature": 31.12
}

Current patient: 3
Temperature patient: 3

Temperature patient ID verified.
Temperature: 31.12 °C

PPG input file:
C:\Users\shrih\OneDrive\Documents\PHOTONX_INNOHACK\medical_sensor_backend\data\raw\ppg_recording.csv

CSV loaded.
Total samples: 401

Valid samples: 401

Estimated sampling rate: 40.0 Hz
Median sample interval: 25.0 ms

Nyquist frequency: 20.0 Hz

PPG filter:
Low cutoff: 0.5 Hz
High cutoff: 4.0 Hz

==============================================
 HEART RATE
==============================================

Signal standard deviation: 170.5518
Peak prominence: 17.0552

Pulse peaks detected: 15

Pulse intervals:
[1.05  0.725 0.475 0.325 0.75  1.35  0.6   0.35  0.425 0.525 0.525 0.775
 0.75  0.525]

Valid pulse intervals: 14

Heart Rate: 106.67 BPM

==============================================
 SpO2
==============================================

SpO2: 94.06 %

==============================================
 BLOOD PRESSURE - ML
==============================================

Running BP ML model...

C:\Users\shrih\AppData\Local\Programs\Python\Python313\Lib\site-packages\sklearn\base.py:525: InconsistentVersionWarning: Trying to unpickle estimator StandardScaler from version 1.8.0 when using version 1.9.0. This might lead to breaking code or invalid results. Use at your own risk. For more info please refer to:
https://scikit-learn.org/stable/model_persistence.html#security-maintainability-limitations
  warnings.warn(

==============================================
 FINAL VITALS
==============================================

Patient ID: 3
Temperature: 31.12 °C
Heart Rate: 106.67 BPM
SpO2: 94.06 %
Blood Pressure: 94.04 / 62.8 mmHg

Complete JSON:
{
    "patient_id": 3,
    "temperature": 31.12,
    "heart_rate": 106.67,
    "spo2": 94.06,
    "systolic_bp": 94.04,
    "diastolic_bp": 62.8
}

JSON saved:
C:\Users\shrih\OneDrive\Documents\PHOTONX_INNOHACK\medical_sensor_backend\data\vitals_result.json

==============================================
 ANALYSIS COMPLETE
==============================================


analyze_vitals.py returned: 0


==============================================
 FINAL VITALS
==============================================

Patient ID: 3

Temperature: 31.12 °C
Heart Rate: 106.67 BPM
SpO2: 94.06 %
Blood Pressure: 94.04 / 62.8 mmHg

Complete result:
{
    "patient_id": 3,
    "temperature": 31.12,
    "heart_rate": 106.67,
    "spo2": 94.06,
    "systolic_bp": 94.04,
    "diastolic_bp": 62.8
}

==============================================
 SENDING RESULT TO FLASK
==============================================


================================
 MEDICAL SENSOR DATA
================================

{
    "patient_id": 3,
    "temperature": 31.12,
    "heart_rate": 106.67,
    "spo2": 94.06,
    "systolic_bp": 94.04,
    "diastolic_bp": 62.8
}

================================
 SENDING TO FLASK
================================

{
    "patient_id": 3,
    "temperature": 31.12,
    "heart_rate": 106.67,
    "spo2": 94.06,
    "systolic_bp": 94.04,
    "diastolic_bp": 62.8
}

================================
 FLASK RESPONSE
================================

HTTP Status: 200
{
  "data": {
    "diastolic_bp": 62.8,
    "heart_rate": 106.67,
    "patient_id": 3,
    "spo2": 94.06,
    "systolic_bp": 94.04,
    "temperature": 31.12
  },
  "message": "Vitals saved to database",
  "reading_id": 3,
  "status": "success"
}


================================
 SUCCESS
================================
Vitals successfully sent to Flask.
Patient ID: 3

==============================================
       HEALTH CHECK COMPLETE
==============================================

Patient ID: 3
Temperature: 31.12 °C
Heart Rate: 106.67 BPM
SpO2: 94.06 %
Blood Pressure: 94.04 / 62.8 mmHg

Data stored in Flask/MySQL.

==============================================
              ALL DONE
==============================================

